###############################################################################
#
# IAR ELF Linker V8.32.1.169/W32 for ARM                  10/Apr/2021  21:27:06
# Copyright 2007-2018 IAR Systems AB.
#
#    Output file  =  
#        C:\000xuzhiyong\File\000Project\hc32l073_xzy\ewarm\template\EWARM\output\release\Exe\template.out
#    Map file     =  
#        C:\000xuzhiyong\File\000Project\hc32l073_xzy\ewarm\template\EWARM\output\release\List\template.map
#    Command line =  
#        -f C:\Users\xzy\AppData\Local\Temp\EW7A8C.tmp
#        (C:\000xuzhiyong\File\000Project\hc32l073_xzy\ewarm\template\EWARM\output\release\Obj\adc.o
#        C:\000xuzhiyong\File\000Project\hc32l073_xzy\ewarm\template\EWARM\output\release\Obj\adt.o
#        C:\000xuzhiyong\File\000Project\hc32l073_xzy\ewarm\template\EWARM\output\release\Obj\aes.o
#        C:\000xuzhiyong\File\000Project\hc32l073_xzy\ewarm\template\EWARM\output\release\Obj\bgr.o
#        C:\000xuzhiyong\File\000Project\hc32l073_xzy\ewarm\template\EWARM\output\release\Obj\bt.o
#        C:\000xuzhiyong\File\000Project\hc32l073_xzy\ewarm\template\EWARM\output\release\Obj\crc.o
#        C:\000xuzhiyong\File\000Project\hc32l073_xzy\ewarm\template\EWARM\output\release\Obj\dac.o
#        C:\000xuzhiyong\File\000Project\hc32l073_xzy\ewarm\template\EWARM\output\release\Obj\ddl.o
#        C:\000xuzhiyong\File\000Project\hc32l073_xzy\ewarm\template\EWARM\output\release\Obj\debug.o
#        C:\000xuzhiyong\File\000Project\hc32l073_xzy\ewarm\template\EWARM\output\release\Obj\dmac.o
#        C:\000xuzhiyong\File\000Project\hc32l073_xzy\ewarm\template\EWARM\output\release\Obj\flash.o
#        C:\000xuzhiyong\File\000Project\hc32l073_xzy\ewarm\template\EWARM\output\release\Obj\global.o
#        C:\000xuzhiyong\File\000Project\hc32l073_xzy\ewarm\template\EWARM\output\release\Obj\gpio.o
#        C:\000xuzhiyong\File\000Project\hc32l073_xzy\ewarm\template\EWARM\output\release\Obj\hdiv.o
#        C:\000xuzhiyong\File\000Project\hc32l073_xzy\ewarm\template\EWARM\output\release\Obj\i2c.o
#        C:\000xuzhiyong\File\000Project\hc32l073_xzy\ewarm\template\EWARM\output\release\Obj\i2s.o
#        C:\000xuzhiyong\File\000Project\hc32l073_xzy\ewarm\template\EWARM\output\release\Obj\interrupts_hc32l07x.o
#        C:\000xuzhiyong\File\000Project\hc32l073_xzy\ewarm\template\EWARM\output\release\Obj\lcd.o
#        C:\000xuzhiyong\File\000Project\hc32l073_xzy\ewarm\template\EWARM\output\release\Obj\lpm.o
#        C:\000xuzhiyong\File\000Project\hc32l073_xzy\ewarm\template\EWARM\output\release\Obj\lptim.o
#        C:\000xuzhiyong\File\000Project\hc32l073_xzy\ewarm\template\EWARM\output\release\Obj\lpuart.o
#        C:\000xuzhiyong\File\000Project\hc32l073_xzy\ewarm\template\EWARM\output\release\Obj\lvd.o
#        C:\000xuzhiyong\File\000Project\hc32l073_xzy\ewarm\template\EWARM\output\release\Obj\main.o
#        C:\000xuzhiyong\File\000Project\hc32l073_xzy\ewarm\template\EWARM\output\release\Obj\opa.o
#        C:\000xuzhiyong\File\000Project\hc32l073_xzy\ewarm\template\EWARM\output\release\Obj\pca.o
#        C:\000xuzhiyong\File\000Project\hc32l073_xzy\ewarm\template\EWARM\output\release\Obj\pcnt.o
#        C:\000xuzhiyong\File\000Project\hc32l073_xzy\ewarm\template\EWARM\output\release\Obj\ram.o
#        C:\000xuzhiyong\File\000Project\hc32l073_xzy\ewarm\template\EWARM\output\release\Obj\reset.o
#        C:\000xuzhiyong\File\000Project\hc32l073_xzy\ewarm\template\EWARM\output\release\Obj\rtc.o
#        C:\000xuzhiyong\File\000Project\hc32l073_xzy\ewarm\template\EWARM\output\release\Obj\spi.o
#        C:\000xuzhiyong\File\000Project\hc32l073_xzy\ewarm\template\EWARM\output\release\Obj\startup_hc32l07x.o
#        C:\000xuzhiyong\File\000Project\hc32l073_xzy\ewarm\template\EWARM\output\release\Obj\sysctrl.o
#        C:\000xuzhiyong\File\000Project\hc32l073_xzy\ewarm\template\EWARM\output\release\Obj\system_hc32l07x.o
#        C:\000xuzhiyong\File\000Project\hc32l073_xzy\ewarm\template\EWARM\output\release\Obj\systemclock.o
#        C:\000xuzhiyong\File\000Project\hc32l073_xzy\ewarm\template\EWARM\output\release\Obj\timer3.o
#        C:\000xuzhiyong\File\000Project\hc32l073_xzy\ewarm\template\EWARM\output\release\Obj\trim.o
#        C:\000xuzhiyong\File\000Project\hc32l073_xzy\ewarm\template\EWARM\output\release\Obj\trng.o
#        C:\000xuzhiyong\File\000Project\hc32l073_xzy\ewarm\template\EWARM\output\release\Obj\uart.o
#        C:\000xuzhiyong\File\000Project\hc32l073_xzy\ewarm\template\EWARM\output\release\Obj\vc.o
#        C:\000xuzhiyong\File\000Project\hc32l073_xzy\ewarm\template\EWARM\output\release\Obj\wdt.o
#        C:\000xuzhiyong\File\000Project\hc32l073_xzy\ewarm\template\EWARM\output\release\Obj\WS2812.o
#        --misrac2004=all,~1.1,~2.2,~5.1,~6.3-6.4,~8.1,~8.10,~10.1,~10.3,~11.3-11.4,~12.4,~12.6,~12.13,~14.3,~14.5-14.7,~16.1,~17.4,~18.4-19.1,~20.2,~20.12
#        --no_out_extension -o
#        C:\000xuzhiyong\File\000Project\hc32l073_xzy\ewarm\template\EWARM\output\release\Exe\template.out
#        --map
#        C:\000xuzhiyong\File\000Project\hc32l073_xzy\ewarm\template\EWARM\output\release\List\template.map
#        --config
#        C:\000xuzhiyong\File\000Project\hc32l073_xzy\ewarm\template\EWARM\HC32L07X.icf
#        --semihosting --entry __iar_program_start --redirect
#        __write=__write_buffered --vfe --text_out locale)
#
###############################################################################

*******************************************************************************
*** RUNTIME MODEL ATTRIBUTES
***

CppFlavor       = *
__SystemLibrary = DLib
__dlib_version  = 6


*******************************************************************************
*** HEAP SELECTION
***

The basic heap was selected because no calls to memory allocation
functions were found in the application outside of system library
functions, and there are calls to deallocation functions in the
application.


*******************************************************************************
*** PLACEMENT SUMMARY
***

"A0":  place at 0x0 { ro section .intvec };
"P1":  place in [from 0x0 to 0x1'ffff] { ro };
define block CSTACK with size = 512, alignment = 8 { };
define block HEAP with size = 512, alignment = 8 { };
"P2":  place in [from 0x2000'0000 to 0x2000'3fff] {
          rw, block CSTACK, block HEAP };
initialize by copy { rw };

  Section            Kind         Address   Size  Object
  -------            ----         -------   ----  ------
"A0":                                       0xc0
  .intvec            ro code          0x0   0xc0  startup_hc32l07x.o [1]
                                   - 0xc0   0xc0

"P1":                                      0x804
  .text              ro code         0xc0  0x398  sysctrl.o [1]
  .text              ro code        0x458   0x94  ddl.o [1]
  .text              ro code        0x4ec   0x8a  system_hc32l07x.o [1]
  .text              ro code        0x576    0x2  startup_hc32l07x.o [1]
  .text              ro code        0x578   0x36  I32DivMod.o [4]
  .text              ro code        0x5ae    0x2  startup_hc32l07x.o [1]
  .text              ro code        0x5b0   0x28  data_init.o [4]
  .text              ro code        0x5d8    0x8  main.o [1]
  .text              ro code        0x5e0    0x2  IntDivZer.o [4]
  .text              ro code        0x5e2   0xa8  systemclock.o [1]
  .text              ro code        0x68a    0x2  startup_hc32l07x.o [1]
  .text              ro code        0x68c   0x28  flash.o [1]
  .text              ro code        0x6b4  0x14c  interrupts_hc32l07x.o [1]
  .text              ro code        0x800   0x30  copy_init3.o [4]
  .text              ro code        0x830   0x28  startup_hc32l07x.o [1]
  .iar.init_table    const          0x858   0x14  - Linker created -
  .text              ro code        0x86c   0x1e  cmain.o [4]
  .text              ro code        0x88a    0x8  exit.o [2]
  .text              ro code        0x894    0xa  cexit.o [4]
  .text              ro code        0x8a0   0x14  exit.o [5]
  .text              ro code        0x8b4    0xc  cstartup_M.o [4]
  Initializer bytes  const          0x8c0    0x4  <for P2-1>
  .rodata            const          0x8c4    0x0  copy_init3.o [4]
                                  - 0x8c4  0x804

"P2", part 1 of 2:                           0x4
  P2-1                        0x2000'0000    0x4  <Init block>
    .data            inited   0x2000'0000    0x4  system_hc32l07x.o [1]
                            - 0x2000'0004    0x4

"P2", part 2 of 2:                         0x200
  CSTACK                      0x2000'0008  0x200  <Block>
    CSTACK           uninit   0x2000'0008  0x200  <Block tail>
                            - 0x2000'0208  0x200

Unused ranges:

         From           To      Size
         ----           --      ----
        0x8c4     0x1'ffff  0x1'f73c
  0x2000'0004  0x2000'0007       0x4
  0x2000'0208  0x2000'3fff    0x3df8


*******************************************************************************
*** INIT TABLE
***

          Address      Size
          -------      ----
Copy (__iar_copy_init3)
    1 source range, total size 0x4:
                0x8c0   0x4
    1 destination range, total size 0x4:
          0x2000'0000   0x4



*******************************************************************************
*** MODULE SUMMARY
***

    Module                 ro code  ro data  rw data
    ------                 -------  -------  -------
command line/config:
    ------------------------------------------------
    Total:

C:\000xuzhiyong\File\000Project\hc32l073_xzy\ewarm\template\EWARM\output\release\Obj: [1]
    ddl.o                      148
    flash.o                     40
    interrupts_hc32l07x.o      332
    main.o                       8
    startup_hc32l07x.o         238
    sysctrl.o                  920
    system_hc32l07x.o          138        4        4
    systemclock.o              168
    ------------------------------------------------
    Total:                   1 992        4        4

dl6M_tlf.a: [2]
    exit.o                       8
    ------------------------------------------------
    Total:                       8

m6M_tl.a: [3]
    ------------------------------------------------
    Total:

rt6M_tl.a: [4]
    I32DivMod.o                 54
    IntDivZer.o                  2
    cexit.o                     10
    cmain.o                     30
    copy_init3.o                48
    cstartup_M.o                12
    data_init.o                 40
    ------------------------------------------------
    Total:                     196

shb_l.a: [5]
    exit.o                      20
    ------------------------------------------------
    Total:                      20

    Gaps                         4
    Linker created                       20      512
----------------------------------------------------
    Grand Total:             2 220       24      516


*******************************************************************************
*** ENTRY LIST
***

Entry                       Address   Size  Type      Object
-----                       -------   ----  ----      ------
.iar.init_table$$Base         0x858          --   Gb  - Linker created -
.iar.init_table$$Limit        0x86c          --   Gb  - Linker created -
?main                         0x86d         Code  Gb  cmain.o [4]
ADC_DAC_IRQHandler            0x7a9    0xc  Code  Gb  interrupts_hc32l07x.o [1]
App_SystemClkInit_PLL48M_byXTH
                              0x623   0x32  Code  Gb  systemclock.o [1]
App_SystemClkInit_XTH         0x5e3   0x40  Code  Gb  systemclock.o [1]
CAN_IRQHandler                0x7d9    0x8  Code  Gb  interrupts_hc32l07x.o [1]
CLKTRIM_CTS_IRQHandler        0x7f5    0xc  Code  Gb  interrupts_hc32l07x.o [1]
CSTACK$$Base            0x2000'0008          --   Gb  - Linker created -
CSTACK$$Limit           0x2000'0208          --   Gb  - Linker created -
DMAC_IRQHandler               0x6f5    0x8  Code  Gb  interrupts_hc32l07x.o [1]
FLASH_RAM_IRQHandler          0x7e9    0xc  Code  Gb  interrupts_hc32l07x.o [1]
Flash_WaitCycle               0x68d   0x1c  Code  Gb  flash.o [1]
HardFault_Handler             0x6b5   0x10  Code  Gb  interrupts_hc32l07x.o [1]
I2C0_IRQHandler               0x745    0x8  Code  Gb  interrupts_hc32l07x.o [1]
I2C1_IRQHandler               0x74d    0x8  Code  Gb  interrupts_hc32l07x.o [1]
LCD_IRQHandler                0x7e1    0x8  Code  Gb  interrupts_hc32l07x.o [1]
LPTIM0_1_IRQHandler           0x76d    0xc  Code  Gb  interrupts_hc32l07x.o [1]
LPUART0_IRQHandler            0x71d    0x8  Code  Gb  interrupts_hc32l07x.o [1]
LPUART1_IRQHandler            0x725    0x8  Code  Gb  interrupts_hc32l07x.o [1]
PCA_IRQHandler                0x791    0x8  Code  Gb  interrupts_hc32l07x.o [1]
PCNT_IRQHandler               0x7b5    0x8  Code  Gb  interrupts_hc32l07x.o [1]
PORTA_IRQHandler              0x6cd    0x8  Code  Gb  interrupts_hc32l07x.o [1]
PORTB_IRQHandler              0x6d5    0x8  Code  Gb  interrupts_hc32l07x.o [1]
PORTC_E_IRQHandler            0x6dd    0xc  Code  Gb  interrupts_hc32l07x.o [1]
PORTD_F_IRQHandler            0x6e9    0xc  Code  Gb  interrupts_hc32l07x.o [1]
RTC_IRQHandler                0x7a1    0x8  Code  Gb  interrupts_hc32l07x.o [1]
Region$$Table$$Base           0x858          --   Gb  - Linker created -
Region$$Table$$Limit          0x86c          --   Gb  - Linker created -
SPI0_I2S0_IRQHandler          0x72d    0xc  Code  Gb  interrupts_hc32l07x.o [1]
SPI1_I2S1_IRQHandler          0x739    0xc  Code  Gb  interrupts_hc32l07x.o [1]
SysTick_Handler               0x6c5    0x8  Code  Gb  interrupts_hc32l07x.o [1]
Sysctrl_ClkSourceEnable
                               0xc1  0x11e  Code  Gb  sysctrl.o [1]
Sysctrl_GetHClkFreq           0x22d   0xd6  Code  Gb  sysctrl.o [1]
Sysctrl_SetHCLKDiv            0x3f1   0x18  Code  Gb  sysctrl.o [1]
Sysctrl_SetPCLKDiv            0x40d   0x18  Code  Gb  sysctrl.o [1]
Sysctrl_SetPLLFreq            0x329   0xac  Code  Gb  sysctrl.o [1]
Sysctrl_SetXTHFreq            0x315    0xc  Code  Gb  sysctrl.o [1]
Sysctrl_SetXTHStableTime
                              0x1ed    0x4  Code  Gb  sysctrl.o [1]
Sysctrl_SysClkSwitch          0x203   0x22  Code  Gb  sysctrl.o [1]
Sysctrl_XTHDriverCfg          0x1df    0xe  Code  Gb  sysctrl.o [1]
SystemCoreClock         0x2000'0000    0x4  Data  Gb  system_hc32l07x.o [1]
SystemCoreClockUpdate         0x4ed    0xc  Code  Gb  system_hc32l07x.o [1]
SystemInit                    0x4f9   0x56  Code  Gb  system_hc32l07x.o [1]
System_ClockInit              0x671   0x1a  Code  Gb  systemclock.o [1]
TIM0_IRQHandler               0x755    0x8  Code  Gb  interrupts_hc32l07x.o [1]
TIM1_IRQHandler               0x75d    0x8  Code  Gb  interrupts_hc32l07x.o [1]
TIM2_IRQHandler               0x765    0x8  Code  Gb  interrupts_hc32l07x.o [1]
TIM3_IRQHandler               0x6fd    0x8  Code  Gb  interrupts_hc32l07x.o [1]
TIM4_IRQHandler               0x779    0x8  Code  Gb  interrupts_hc32l07x.o [1]
TIM5_IRQHandler               0x781    0x8  Code  Gb  interrupts_hc32l07x.o [1]
TIM6_IRQHandler               0x789    0x8  Code  Gb  interrupts_hc32l07x.o [1]
UART0_2_IRQHandler            0x705    0xc  Code  Gb  interrupts_hc32l07x.o [1]
UART1_3_IRQHandler            0x711    0xc  Code  Gb  interrupts_hc32l07x.o [1]
USBFS_IRQHandler              0x7d1    0x8  Code  Gb  interrupts_hc32l07x.o [1]
VC0_1_2_LVD_IRQHandler        0x7bd   0x14  Code  Gb  interrupts_hc32l07x.o [1]
WDT_IRQHandler                0x799    0x8  Code  Gb  interrupts_hc32l07x.o [1]
__aeabi_idiv0                 0x5e1         Code  Gb  IntDivZer.o [4]
__cmain                       0x86d         Code  Gb  cmain.o [4]
__exit                        0x8a1   0x14  Code  Gb  exit.o [5]
__iar_copy_init3              0x801   0x30  Code  Gb  copy_init3.o [4]
__iar_data_init3              0x5b1   0x28  Code  Gb  data_init.o [4]
__iar_program_start           0x8b5         Code  Gb  cstartup_M.o [4]
__iar_small_uidiv             0x579         Code  Gb  I32DivMod.o [4]
__iar_small_uidivmod          0x579         Code  Gb  I32DivMod.o [4]
__low_level_init              0x565   0x12  Code  Gb  system_hc32l07x.o [1]
__vector_table                  0x0         Data  Gb  startup_hc32l07x.o [1]
_call_main                    0x879         Code  Gb  cmain.o [4]
_exit                         0x895         Code  Gb  cexit.o [4]
_main                         0x887         Code  Gb  cmain.o [4]
delay10us                     0x49f   0x3a  Code  Gb  ddl.o [1]
delay1ms                      0x459   0x3c  Code  Gb  ddl.o [1]
exit                          0x88b    0x8  Code  Gb  exit.o [2]
main                          0x5d9    0x8  Code  Gb  main.o [1]


[1] = C:\000xuzhiyong\File\000Project\hc32l073_xzy\ewarm\template\EWARM\output\release\Obj
[2] = dl6M_tlf.a
[3] = m6M_tl.a
[4] = rt6M_tl.a
[5] = shb_l.a

  2 220 bytes of readonly  code memory
     24 bytes of readonly  data memory
    516 bytes of readwrite data memory

Errors: none
Warnings: none
